border_size=1
usage=map

_off^_usr   , _off^_usr   , _off^_usr   , _off^_usr   , _off^_usr   , _off^_usr   , _off^_usr   , _off^_usr   , _off^_usr   , _off^_usr   , _off^_usr   , _off^_usr   , _off^_usr   , _off^_usr   , _off^_usr   , _off^_usr   , _off^_usr   , _off^_usr   , _off^_usr   , _off^_usr   , _off^_usr   , _off^_usr   , _off^_usr   , _off^_usr   
_off^_usr   , _off^_usr   , _off^_usr   , _off^_usr   , _off^_usr   , _off^_usr   , _off^_usr   , _off^_usr   , _off^_usr   , _off^_usr   , _off^_usr   , _off^_usr   , Uh^Xo       , _off^_usr   , _off^_usr   , _off^_usr   , _off^_usr   , _off^_usr   , _off^_usr   , _off^_usr   , _off^_usr   , _off^_usr   , _off^_usr   , _off^_usr   
_off^_usr   , _off^_usr   , _off^_usr   , _off^_usr   , _off^_usr   , _off^_usr   , Xue         , Xue         , Uue^Xo      , _off^_usr   , Ql^Xo       , Uu^Uf       , Ko^Xo       , Uu^Uf       , Ql^Xo       , _off^_usr   , Uue^Xo      , Xue         , Xue         , _off^_usr   , _off^_usr   , _off^_usr   , _off^_usr   , _off^_usr   
_off^_usr   , _off^_usr   , _off^_usr   , _off^_usr   , Xue         , Xue         , Qxe^Xo      , 1 Kud^Xo    , Cud^Xo      , Uue         , Ql^Xo       , Uu^Uf       , Uh^Xo       , Uu^Uf       , Ql^Xo       , Uue         , Cud^Xo      , 2 Kud^Xo    , Qxe^Xo      , Xue         , Xue         , _off^_usr   , _off^_usr   , _off^_usr   
_off^_usr   , _off^_usr   , _off^_usr   , Xue         , Xue         , Xue         , Qxe         , Qxe^Xo      , Qxu^Bs/     , Uue         , Ql^Xo       , Ql^Xo       , Ql^Xo       , Ql^Xo       , Ql^Xo       , Uue         , Qxu^Bs\     , Qxe^Xo      , Qxe         , Xue         , Xue         , Xue         , _off^_usr   , _off^_usr   
_off^_usr   , _off^_usr   , _off^_usr   , Xue         , Qxe         , Qxe         , Qxu^Bs/     , Uue         , Ql^Xo       , Ql^Xo       , Uue         , Uue         , Uue         , Uue         , Uue         , Ql^Xo       , Ql^Xo       , Uue         , Qxu^Bs\     , Qxe         , Qxe         , Xue         , _off^_usr   , _off^_usr   
_off^_usr   , _off^_usr   , _off^_usr   , Xue         , Uue         , Co          , Qxe         , Qxe         , Ql^Xo       , Uue         , Uue         , Uue         , Uue         , Uue         , Uue         , Uue         , Ql^Xo       , Qxe         , Qxe         , Co          , Uue         , Xue         , _off^_usr   , _off^_usr   
_off^_usr   , _off^_usr   , _off^_usr   , Xue         , Uue         , Co          , Qxe         , Ql^Xo       , Ql^Xo       , Uue         , Uue         , Uue         , Uue         , Uue         , Uue         , Uue         , Ql^Xo       , Ql^Xo       , Qxe         , Co          , Uue         , Xue         , _off^_usr   , _off^_usr   
_off^_usr   , _off^_usr   , _off^_usr   , Xue         , Uue         , Co          , Qxe         , Ql^Xo       , Ql^Xo       , Uu          , Uue         , Uue         , Uue         , Uue         , Uue         , Uu          , Ql^Xo       , Ql^Xo       , Qxe         , Co          , Uue         , Xue         , _off^_usr   , _off^_usr   
_off^_usr   , _off^_usr   , _off^_usr   , Xue         , Uue         , Co          , Co          , Qxe         , Qxe         , Ql^Xo       , Ql^Xo       , Uue         , Qxu^Bs|     , Uue         , Ql^Xo       , Ql^Xo       , Qxe         , Qxe         , Co          , Co          , Uue         , Xue         , _off^_usr   , _off^_usr   
_off^_usr   , _off^_usr   , _off^_usr   , _off^_usr   , _off^_usr   , Uue         , Uue         , Co          , Uh^Xo       , Ql^Xo       , Ql^Xo       , Ql^Xo       , Uue         , Ql^Xo       , Ql^Xo       , Ql^Xo       , Uh^Xo       , Co          , Uue         , Uue         , _off^_usr   , _off^_usr   , _off^_usr   , _off^_usr   
_off^_usr   , _off^_usr   , _off^_usr   , _off^_usr   , _off^_usr   , _off^_usr   , _off^_usr   , Uue^Xo      , Uue^Xo      , Uue         , Uue         , Qxu^Bs/     , Ql^Xo       , Qxu^Bs\     , Uue         , Uue         , Uue^Xo      , Uue^Xo      , _off^_usr   , _off^_usr   , _off^_usr   , _off^_usr   , _off^_usr   , _off^_usr   
_off^_usr   , _off^_usr   , _off^_usr   , _off^_usr   , _off^_usr   , _off^_usr   , _off^_usr   , _off^_usr   , _off^_usr   , Uue         , Ql^Xo       , Ql^Xo       , Ql^Xo       , Ql^Xo       , Ql^Xo       , Uue         , _off^_usr   , _off^_usr   , _off^_usr   , _off^_usr   , _off^_usr   , _off^_usr   , _off^_usr   , _off^_usr   
_off^_usr   , _off^_usr   , _off^_usr   , _off^_usr   , _off^_usr   , _off^_usr   , _off^_usr   , _off^_usr   , _off^_usr   , _off^_usr   , _off^_usr   , _off^_usr   , _off^_usr   , _off^_usr   , _off^_usr   , _off^_usr   , _off^_usr   , _off^_usr   , _off^_usr   , _off^_usr   , _off^_usr   , _off^_usr   , _off^_usr   , _off^_usr   
_off^_usr   , _off^_usr   , _off^_usr   , _off^_usr   , _off^_usr   , _off^_usr   , _off^_usr   , _off^_usr   , _off^_usr   , _off^_usr   , _off^_usr   , _off^_usr   , _off^_usr   , _off^_usr   , _off^_usr   , _off^_usr   , _off^_usr   , _off^_usr   , _off^_usr   , _off^_usr   , _off^_usr   , _off^_usr   , _off^_usr   , _off^_usr   
