border_size=1
usage=map

_off^_usr   , _off^_usr   , _off^_usr   , _off^_usr   , _off^_usr   , _off^_usr   , _off^_usr   , _off^_usr   , _off^_usr   , _off^_usr   , _off^_usr   , _off^_usr   , _off^_usr   , _off^_usr   , _off^_usr   , _off^_usr   , _off^_usr   , _off^_usr   , _off^_usr   , _off^_usr   , _off^_usr   , _off^_usr   , _off^_usr   
_off^_usr   , _off^_usr   , _off^_usr   , _off^_usr   , _off^_usr   , _off^_usr   , _off^_usr   , _off^_usr   , _off^_usr   , _off^_usr   , _off^_usr   , _off^_usr   , Gg^Fet      , _off^_usr   , _off^_usr   , _off^_usr   , _off^_usr   , _off^_usr   , _off^_usr   , _off^_usr   , _off^_usr   , _off^_usr   , _off^_usr   
_off^_usr   , _off^_usr   , _off^_usr   , _off^_usr   , _off^_usr   , _off^_usr   , Gg^Xo       , Gg^Fet      , Gg^Fet      , _off^_usr   , Ww^Xo       , Gg^Fet      , Kv^Xo       , Gg^Fet      , Ww^Xo       , _off^_usr   , Gg^Fet      , Gg^Fet      , Gg^Xo       , _off^_usr   , _off^_usr   , _off^_usr   , _off^_usr   
_off^_usr   , _off^_usr   , _off^_usr   , _off^_usr   , Gg^Fet      , Gg^Fet      , Gg^Xo       , 1 Kh        , Ch^Xo       , Gg          , Ww^Xo       , Gg^Fet      , Gg^Fet      , Gg^Fet      , Ww^Xo       , Gg          , Ch^Xo       , 2 Kh        , Gg^Xo       , Gg^Fet      , Gg^Fet      , _off^_usr   , _off^_usr   
_off^_usr   , _off^_usr   , _off^_usr   , _off^_usr   , Gg^Xo       , Gg^Fet      , Gg^Xo       , Gg^Xo       , Gg^Xo       , Gg          , Gg^Xo       , Ww^Xo       , Ww^Xo       , Ww^Xo       , Gg^Xo       , Gg          , Gg^Xo       , Gg^Xo       , Gg^Xo       , Gg^Fet      , Gg^Xo       , _off^_usr   , _off^_usr   
_off^_usr   , _off^_usr   , _off^_usr   , _off^_usr   , Gg^Fet      , Gg^Xo       , Ch          , Gg^Xo       , Ch          , Gg^Xo       , Ch          , Gg^Xo       , Ww^Xo       , Gg^Xo       , Ch          , Gg^Xo       , Ch          , Gg^Xo       , Ch          , Gg^Xo       , Gg^Fet      , _off^_usr   , _off^_usr   
_off^_usr   , _off^_usr   , _off^_usr   , _off^_usr   , Gg^Fet      , Gg^Xo       , Gg^Xo       , Gg^Xo       , Gg^Xo       , Gg^Xo       , Gg^Xo       , Gg^Xo       , Ww^Xo       , Gg^Xo       , Gg^Xo       , Gg^Xo       , Gg^Xo       , Gg^Xo       , Gg^Xo       , Gg^Xo       , Gg^Fet      , _off^_usr   , _off^_usr   
_off^_usr   , _off^_usr   , _off^_usr   , _off^_usr   , Gg^Fet      , Gg^Fet      , Gg^Xo       , Ch          , Gg^Xo       , Ch          , Gg^Xo       , Gg^Fet      , Ww^Xo       , Gg^Fet      , Gg^Xo       , Ch          , Gg^Xo       , Ch          , Gg^Xo       , Gg^Fet      , Gg^Fet      , _off^_usr   , _off^_usr   
_off^_usr   , _off^_usr   , _off^_usr   , _off^_usr   , Gg^Xo       , Gg^Xo       , Chw^Xo      , Gg^Xo       , Gg          , Gg^Xo       , Chw^Xo      , Gg^Xo       , Ww^Xo       , Gg^Xo       , Chw^Xo      , Gg^Xo       , Gg          , Gg^Xo       , Chw^Xo      , Gg^Xo       , Gg^Xo       , _off^_usr   , _off^_usr   
_off^_usr   , _off^_usr   , _off^_usr   , _off^_usr   , Gg^Fet      , Gg^Xo       , Gg^Xo       , Chw^Xo      , Chw^Xo      , Chw^Xo      , Gg          , Gg^Xo       , Ww          , Gg^Xo       , Gg          , Chw^Xo      , Chw^Xo      , Chw^Xo      , Gg^Xo       , Gg^Xo       , Gg^Fet      , _off^_usr   , _off^_usr   
_off^_usr   , _off^_usr   , _off^_usr   , _off^_usr   , _off^_usr   , Gg^Fet      , Gg^Xo       , Gg^Xo       , Gg^Xo       , Gg          , Gg^Xo       , Ww^Ewl      , Gg^Wm       , Ww^Ewl      , Gg^Xo       , Gg          , Gg^Xo       , Gg^Xo       , Gg^Xo       , Gg^Fet      , _off^_usr   , _off^_usr   , _off^_usr   
_off^_usr   , _off^_usr   , _off^_usr   , _off^_usr   , _off^_usr   , _off^_usr   , _off^_usr   , Gg^Xo       , _off^_usr   , Wwr         , Ww^Xo       , Ww^Ewl      , Ww^Ewl      , Ww^Ewl      , Ww^Xo       , Wwr         , _off^_usr   , Gg^Xo       , _off^_usr   , _off^_usr   , _off^_usr   , _off^_usr   , _off^_usr   
_off^_usr   , _off^_usr   , _off^_usr   , _off^_usr   , _off^_usr   , _off^_usr   , _off^_usr   , _off^_usr   , _off^_usr   , _off^_usr   , _off^_usr   , _off^_usr   , _off^_usr   , _off^_usr   , _off^_usr   , _off^_usr   , _off^_usr   , _off^_usr   , _off^_usr   , _off^_usr   , _off^_usr   , _off^_usr   , _off^_usr   
